// Jest Snapshot v1, https://goo.gl/fbAQLP

exports[`booking-service updateRoom 1`] = `
Array [
  Object {
    "adults": "1",
    "children": "0",
    "id": 1,
    "priority": 1,
    "selected": true,
  },
  Object {
    "adults": "2",
    "children": "1",
    "id": 2,
    "priority": 2,
    "selected": true,
  },
  Object {
    "adults": "1",
    "children": "0",
    "id": 3,
    "priority": 3,
    "selected": false,
  },
  Object {
    "adults": "1",
    "children": "0",
    "id": 4,
    "priority": 4,
    "selected": false,
  },
]
`;
